// Jest Snapshot v1, https://goo.gl/fbAQLP

exports[` Prueba en Todolist debe de mostrarse correctamente  1`] = `
<ul
  className="list-group list-group-flush"
>
  <TodoListItem
    handleDelete={[MockFunction]}
    index={0}
    key="1"
    todo={
      Object {
        "desc": "Aprender React",
        "donde": false,
        "id": 1,
      }
    }
  />
  <TodoListItem
    handleDelete={[MockFunction]}
    index={1}
    key="2"
    todo={
      Object {
        "desc": "Aprender Mongo",
        "done": false,
        "id": 2,
      }
    }
  />
</ul>
`;
